gcc -g p6original.c
gdb a.out
GNU gdb (Ubuntu 8.1.1-0ubuntu1) 8.1.1
Copyright (C) 2018 Free Software Foundation, Inc.
License GPLv3+: GNU GPL version 3 or later <http://gnu.org/licenses/gpl.html>
This is free software: you are free to change and redistribute it.
There is NO WARRANTY, to the extent permitted by law.  Type "show copying"
and "show warranty" for details.
This GDB was configured as "x86_64-linux-gnu".
Type "show configuration" for configuration details.
For bug reporting instructions, please see:
<http://www.gnu.org/software/gdb/bugs/>.
Find the GDB manual and other documentation resources online at:
<http://www.gnu.org/software/gdb/documentation/>.
For help, type "help".
Type "apropos word" to search for commands related to "word"...
Reading symbols from a.out...done.
(gdb) b main
Breakpoint 1 at 0x80b: file p6original.c, line 19.
(gdb) r
Starting program: /home/runner/ppa-IA2-practice2-1/a.out 
warning: Error disabling address space randomization: Operation not permitted
n
Breakpoint 1, main () at p6original.c:19
19  {
(gdb) n
21    input_string(a);
(gdb) n
Enter a string
programming
22    int size=str_reverse(a);
(gdb) s
str_reverse (a=0x7ffc2d4adc00 "programming") at p6original.c:9
9     int count=0;
(gdb) n
10    while(a[count]!='\0')
(gdb) n
11      count++;
(gdb) n
10    while(a[count]!='\0')
(gdb) n
11      count++;
(gdb) n
10    while(a[count]!='\0')
(gdb) n
11      count++;
(gdb) n
10    while(a[count]!='\0')
(gdb) n
11      count++;
(gdb) n
10    while(a[count]!='\0')
(gdb) n
11      count++;
(gdb) n
10    while(a[count]!='\0')
(gdb) n
11      count++;
(gdb) n
10    while(a[count]!='\0')
(gdb) n
11      count++;
(gdb) n
10    while(a[count]!='\0')
(gdb) n
11      count++;
(gdb) n
10    while(a[count]!='\0')
(gdb) n
11      count++;
(gdb) n
10    while(a[count]!='\0')
(gdb) n
11      count++;
(gdb) n
10    while(a[count]!='\0')
(gdb) n
11      count++;
(gdb) n
10    while(a[count]!='\0')
(gdb) n
12    return count;
(gdb) n
13  }
(gdb) n
main () at p6original.c:23
23    char reversea[size];
(gdb) n
24    int j=size-1;
(gdb) n
25    for(int i=0;i<size;i++)
(gdb) n
27      reversea[i]=a[j];
(gdb) n
28      j--;
(gdb) n
25    for(int i=0;i<size;i++)
(gdb) n
27      reversea[i]=a[j];
(gdb) n
28      j--;
(gdb) n
25    for(int i=0;i<size;i++)
(gdb) n
27      reversea[i]=a[j];
(gdb) n
28      j--;
(gdb) n
25    for(int i=0;i<size;i++)
(gdb) n
27      reversea[i]=a[j];
(gdb) n
28      j--;
(gdb) n
25    for(int i=0;i<size;i++)
(gdb) n
27      reversea[i]=a[j];
(gdb) n
28      j--;
(gdb) n
25    for(int i=0;i<size;i++)
(gdb) n
27      reversea[i]=a[j];
(gdb) n
28      j--;
(gdb) n
25    for(int i=0;i<size;i++)
(gdb) n
27      reversea[i]=a[j];
(gdb) n
28      j--;
(gdb) n
25    for(int i=0;i<size;i++)
(gdb) n
27      reversea[i]=a[j];
(gdb) n
28      j--;
(gdb) n
25    for(int i=0;i<size;i++)
(gdb) n
27      reversea[i]=a[j];
(gdb) n
28      j--;
(gdb) n
25    for(int i=0;i<size;i++)
(gdb) n
27      reversea[i]=a[j];
(gdb) n
28      j--;
(gdb) n
25    for(int i=0;i<size;i++)
(gdb) n
27      reversea[i]=a[j];
(gdb) n
28      j--;
(gdb) n
25    for(int i=0;i<size;i++)
(gdb) n
30    output(a,reversea);
(gdb) n
31    return 0;
(gdb) n
32  }(gdb) c
Continuing.
the reverse of programming is gnimmargorpA�U[Inferior 1 (process 1814) exited normally]
(gdb) q
 