 gcc -g p7original.c
 gdb a.out
GNU gdb (Ubuntu 8.1.1-0ubuntu1) 8.1.1
Copyright (C) 2018 Free Software Foundation, Inc.
License GPLv3+: GNU GPL version 3 or later <http://gnu.org/licenses/gpl.html>
This is free software: you are free to change and redistribute it.
There is NO WARRANTY, to the extent permitted by law.  Type "show copying"
and "show warranty" for details.
This GDB was configured as "x86_64-linux-gnu".
Type "show configuration" for configuration details.
For bug reporting instructions, please see:
<http://www.gnu.org/software/gdb/bugs/>.
Find the GDB manual and other documentation resources online at:
<http://www.gnu.org/software/gdb/documentation/>.
For help, type "help".
Type "apropos word" to search for commands related to "word"...
Reading symbols from a.out...done.
(gdb) b main
Breakpoint 1 at 0x89b: file p7original.c, line 26.
(gdb) r
Starting program: /home/runner/ppa-IA2-practice2-1/a.out 
warning: Error disabling address space randomization: Operation not permitted

Breakpoint 1, main () at p7original.c:26
26    a=input_triangle();
(gdb) s
input_triangle () at p7original.c:8
8   {
(gdb) n
10    printf("Enter the base and height for a triangle\n");
(gdb) n
Enter the base and height for a triangle
11    scanf("%f%f",&a.base,&a.height);
(gdb) n
6
7
12    return a;
(gdb) n
13  }
(gdb) n
main () at p7original.c:27
27    a=find_area(a);
(gdb) s
find_area (t=...) at p7original.c:16
16    t.area=0.5*(t.base)*(t.height);
(gdb) n
17    return t;
(gdb) n
18  }
(gdb) n
main () at p7original.c:28
28    output(a);
(gdb) s
output (t=...) at p7original.c:21
21    printf("The area of triangle with base=%f and altitude=%f is %f",t.base,t.height,t.area);
(gdb) n
22  }
(gdb) n
main () at p7original.c:29
29    return 0;
(gdb) p a
$1 = {base = 6, height = 7, area = 21}
(gdb) n
30  }(gdb) c
Continuing.
The area of triangle with base=6.000000 and altitude=7.000000 is 21.000000[Inferior 1 (process 49) exited normally]
(gdb) q